Test_01_pwd_Simple_Foreground_Command: passed
Test_02_ls_Simple_Foreground_Command: passed
Test_03_cd_Simple_Foreground_Command: passed
Test_04_echo_args_Simple_Foreground_Command: passed
Test_05_multiple_Simple_Foreground_Command: passed
Test_06_sleep_Simple_Foreground_Command: passed
Test_07_sequences_of_commands_builtins: passed
Test_08_sequences_of_commands_mixed: passed
Test_09_sequences_of_commands_multiple: passed
Test_10_I_O_redirection_output: passed
Test_11_I_O_redirection_input: passed
Test_12_I_O_redirection_both: passed
Test_13_background_commands_timing: passed
Test_14_background_commands_redirection: passed
Test_15_background_commands_multiple: passed
Test_16_pipelines_simple: passed
Test_17_pipelines_cd_behavior: passed
Test_18_pipelines_three_commands: passed
Test_19_jobs_command: passed
Test_20_compound_subshell: passed
Test_21_nested_compound: passed
Test_22_subshell_isolation: passed
Test_23_compound_no_isolation: passed
